🚀 Starting Phase 2 Integration Test
✅ Project created: ad05e583-d5f0-49c4-b1f7-505e56705a6b
⚠️  Please ensure 'test_video.mp4' exists in current directory for testing
ℹ️  Using existing video: 786462251.824761.mp4
ℹ️  Uploading 5 videos: [狗狗影片/786639289.386967.mp4 狗狗影片/786639326.131658.mp4 狗狗影片/786639326.180172.mp4 狗狗影片/786648877.005224.mp4 狗狗影片/786648896.976533.mp4]
   - Uploaded video 1: 狗狗影片/786639289.386967.mp4
   - Uploaded video 2: 狗狗影片/786639326.131658.mp4
   - Uploaded video 3: 狗狗影片/786639326.180172.mp4
   - Uploaded video 4: 狗狗影片/786648877.005224.mp4
   - Uploaded video 5: 狗狗影片/786648896.976533.mp4
✅ Videos uploaded
✅ Ending image uploaded
✅ Story generation started
✅ Owner message set
⏳ Waiting for processing to complete...
Status: analyzing
Status: analyzing
Status: analyzing
Status: analyzing
Status: analyzing
Status: analyzing
Status: analyzing
Status: generating_story
Status: generating_story
Status: generating_story
Status: generating_video
Status: generating_video
Status: generating_video
Status: generating_video
Status: generating_video
Status: completed
🎉 Project completed successfully!
✅ Test finished. Please check http://localhost:8080/api/v2/story/projects/ad05e583-d5f0-49c4-b1f7-505e56705a6b for results.
